{"metadata":{"repository":{"host":"github.com","owner":"csweichel","repo":"test-repo","ref":"refs/heads/cw/tbd","defaultBranch":"master"},"trigger":"TRIGGER_DELETED"},"spec":{"repo":{"repo":{"host":"github.com","owner":"csweichel","repo":"test-repo","ref":"refs/heads/master","defaultBranch":"master"}},"repoSideload":[{"repo":{"host":"github.com","owner":"csweichel","repo":"test-repo","ref":"refs/heads/master","defaultBranch":"master"},"path":".werft"}]}}