{"metadata":{"repository":{"host":"github.com","owner":"csweichel","repo":"test-repo","ref":"cw/tbd","defaultBranch":"master"},"trigger":"TRIGGER_PUSH","annotations":[{"key":"updateGitHubStatus","value":"csweichel/test-repo"}]},"spec":{"jobPath":""}}